// Jest Snapshot v1, https://goo.gl/fbAQLP

exports[`<GameList /> @render default 1`] = `
<ul
  className="gameList"
/>
`;
