// Jest Snapshot v1, https://goo.gl/fbAQLP

exports[`<GameItem /> @render default 1`] = `
<p>
  <img
    alt="test game logo"
    src="https://sample.com/img.jpg"
  />
  <a
    href="/game?id=1234"
    onClick={[Function]}
  >
    test game
  </a>
</p>
`;
